[playgooglecom.yonoee.xyz/adrummy58/index.html]
[connect.facebook.net/en_US/fbevents.js]
[playgooglecom.yonoee.xyz/adrummy58/GET]
[backblue.gif]
[fade.gif]
[index.html]
[ssl.gstatic.com/android/market_images/web/loading_dark_small.gif]
[ssl.gstatic.com/android/market_images/web/play_prism_hlock_m.png]
[www.gstatic.com/feedback/js/help/prod/service/lazy.min.js]
[www.gstatic.com/feedback/js/ghelp/1fk3yr5795717/chat_load.js]
[playgooglecom.yonoee.xyz/adrummy58/index.html]
[playgooglecom.yonoee.xyz/adrummy58/a]
[playgooglecom.yonoee.xyz/adrummy58/POST]
[playgooglecom.yonoee.xyz/adrummy58/schema.org/index.html]
[playgooglecom.yonoee.xyz/adrummy58/b.resolvedLink]
[playgooglecom.yonoee.xyz/signals/iwl.js]
[connect.facebook.net/en_US/fbevents.js]
[playgooglecom.yonoee.xyz/adrummy58/GET.html]
[playgooglecom.yonoee.xyz/adrummy58/a.html]
[playgooglecom.yonoee.xyz/adrummy58/POST.html]
[playgooglecom.yonoee.xyz/adrummy58/schema.org/index.html]
[playgooglecom.yonoee.xyz/adrummy58/b.html]
[playgooglecom.yonoee.xyz/signals/iwl.html]
[window.location.href/cdn-cgi/scripts/5c5dd728/cloudflare-static/email-decode.min.js]
[window.location.href/img/logo-813bet.png]
[window.location.href/img/13.png]
[window.location.href/img/813-1.png]
[window.location.href/img/813-2.png]
[window.location.href/img/813-3.png]
[window.location.href/img/813-4.png]
[window.location.href/img/813-5.png]
[window.location.href/img/813-6.png]
